// Jest Snapshot v1, https://goo.gl/fbAQLP

exports[`Map renders correctly 1`] = `
<View
  accessibilityIgnoresInvertColors={true}
  style={
    Object {
      "height": "100%",
      "width": "100%",
    }
  }
>
  <Image
    source={1}
    style={
      Array [
        Object {
          "bottom": 0,
          "left": 0,
          "position": "absolute",
          "right": 0,
          "top": 0,
        },
        Object {
          "height": "100%",
          "width": "100%",
        },
        undefined,
      ]
    }
  />
  <View
    style={
      Object {
        "alignItems": "center",
        "flex": 1,
        "height": "100%",
        "justifyContent": "center",
        "width": "100%",
      }
    }
  >
    <View
      style={
        Object {
          "alignItems": "center",
          "backgroundColor": "#fb5b5a",
          "borderColor": "white",
          "borderRadius": 25,
          "borderWidth": 3,
          "elevation": 5,
          "marginBottom": 10,
          "marginTop": 20,
          "padding": 5,
          "shadowColor": "black",
          "shadowOffset": Object {
            "height": 3,
            "width": 3,
          },
          "shadowOpacity": 2,
          "shadowRadius": 5,
          "width": "95%",
        }
      }
    >
      <View
        accessible={true}
        focusable={false}
        onClick={[Function]}
        onResponderGrant={[Function]}
        onResponderMove={[Function]}
        onResponderRelease={[Function]}
        onResponderTerminate={[Function]}
        onResponderTerminationRequest={[Function]}
        onStartShouldSetResponder={[Function]}
        style={
          Object {
            "flexGrow": 1,
            "flexShrink": 1,
          }
        }
      >
        <View
          index={0}
          siblings={
            Array [
              "View",
            ]
          }
          style={
            Object {
              "backgroundColor": "#FDFEFE",
              "borderColor": "#2E86C1",
              "borderRadius": 25,
              "borderWidth": 4,
              "height": 50,
              "justifyContent": "center",
              "marginTop": 10,
              "padding": 20,
              "shadowColor": "black",
              "width": 250,
            }
          }
          total={2}
        >
          <TextInput
            allowFontScaling={true}
            onChangeText={[Function]}
            placeholder="Radius in kilometers eg (3)..."
            placeholderTextColor="#003f5c"
            rejectResponderTermination={true}
            style={
              Object {
                "color": "black",
                "height": 50,
              }
            }
            underlineColorAndroid="transparent"
          />
        </View>
        <View
          accessible={true}
          focusable={true}
          onClick={[Function]}
          onResponderGrant={[Function]}
          onResponderMove={[Function]}
          onResponderRelease={[Function]}
          onResponderTerminate={[Function]}
          onResponderTerminationRequest={[Function]}
          onStartShouldSetResponder={[Function]}
          style={
            Object {
              "alignItems": "center",
              "backgroundColor": "#2E86C1",
              "borderColor": "white",
              "borderRadius": 10,
              "borderWidth": 2,
              "height": 50,
              "justifyContent": "center",
              "marginBottom": 10,
              "marginTop": 20,
              "opacity": 1,
              "width": 250,
            }
          }
        >
          <Text
            style={
              Object {
                "color": "white",
                "fontSize": 20,
              }
            }
          >
            Change radius
          </Text>
        </View>
      </View>
    </View>
    <View
      style={
        Object {
          "alignItems": "center",
          "backgroundColor": "#61dafb",
          "elevation": 10,
          "height": "75%",
          "justifyContent": "center",
          "marginTop": 10,
          "width": "100%",
        }
      }
    >
      <AIRMap
        handlePanDrag={false}
        initialRegion={null}
        onChange={[Function]}
        onLayout={[Function]}
        onMapReady={[Function]}
        onMarkerPress={[Function]}
        region={
          Object {
            "latitude": -9.062691,
            "latitudeDelta": 0.02,
            "longitude": 53.270962,
            "longitudeDelta": 0.3,
          }
        }
        style={
          Object {
            "backgroundColor": "#61dafb",
            "height": "100%",
            "width": "100%",
          }
        }
      >
        <AIRMapMarker
          coordinate={
            Object {
              "latitude": -9.062691,
              "longitude": 53.270962,
            }
          }
          onPress={[Function]}
          stopPropagation={false}
          style={
            Array [
              Object {
                "backgroundColor": "transparent",
                "position": "absolute",
              },
              undefined,
            ]
          }
          title="Your location"
        >
          <Text />
        </AIRMapMarker>
        <AIRMapCircle
          center={
            Object {
              "latitude": -9.062691,
              "longitude": 53.270962,
            }
          }
          fillColor="rgba(43, 98, 227, 0.2)"
          radius={1000}
          strokeColor="#000"
          strokeWidth={1}
        />
      </AIRMap>
    </View>
  </View>
</View>
`;
